{"source":"create-checkout-session","mode":"subscription","selected_course_ids":[26,27],"subscription_config_ids":[26,27]}
{"source":"webhook.php","mode":"subscription","resolved_course_ids":[26,27],"subscription_config_ids":[26,27],"session_id":"cs_test_a1frJgXZIqDJsbU6eT6uP5DNeR4U9NMsw355n8eN5ltcmrNIZvtTkXRNq2","metadata":{"checkout_mode":"subscription","moodle_course_id":"26","moodle_course_ids":"26,27"}}
{"source":"cu.php","mode":"subscription","resolved_course_ids":[26,27],"subscription_config_ids":[26,27],"session_id":"cs_test_a1frJgXZIqDJsbU6eT6uP5DNeR4U9NMsw355n8eN5ltcmrNIZvtTkXRNq2","metadata":{"checkout_mode":"subscription","moodle_course_id":"26","moodle_course_ids":"26,27"}}
{"source":"create-checkout-session","mode":"payment","selected_course_ids":[24],"subscription_config_ids":[26,27]}
{"source":"webhook.php","mode":"payment","resolved_course_ids":[24],"subscription_config_ids":[26,27],"session_id":"cs_test_a1B1xf6Y34b11PLICFiCBA5kkvTBJvP9rSVo6H8Gf1nHeeP5q4SJQa9ZP0","metadata":{"checkout_mode":"payment","moodle_course_id":"24","moodle_course_ids":"24"}}
{"source":"cu.php","mode":"payment","resolved_course_ids":[24],"subscription_config_ids":[26,27],"session_id":"cs_test_a1B1xf6Y34b11PLICFiCBA5kkvTBJvP9rSVo6H8Gf1nHeeP5q4SJQa9ZP0","metadata":{"checkout_mode":"payment","moodle_course_id":"24","moodle_course_ids":"24"}}
{"source":"create-checkout-session","mode":"payment","selected_course_ids":[24],"subscription_config_ids":[26,27]}
{"source":"webhook.php","mode":"payment","resolved_course_ids":[24],"subscription_config_ids":[26,27],"session_id":"cs_test_a1gg7ovsgmcokWBYNA3I19mLEP6mFxpEDkiAzXuon3ujfog2ygduPuSUF7","metadata":{"checkout_mode":"payment","moodle_course_id":"24","moodle_course_ids":"24"}}
{"source":"cu.php","mode":"payment","resolved_course_ids":[24],"subscription_config_ids":[26,27],"session_id":"cs_test_a1gg7ovsgmcokWBYNA3I19mLEP6mFxpEDkiAzXuon3ujfog2ygduPuSUF7","metadata":{"checkout_mode":"payment","moodle_course_id":"24","moodle_course_ids":"24"}}
{"source":"create-checkout-session","mode":"subscription","selected_course_ids":[26,27],"subscription_config_ids":[26,27]}
{"source":"webhook.php","mode":"subscription","resolved_course_ids":[26,27],"subscription_config_ids":[26,27],"session_id":"cs_test_a1tdyGdaZ9gu41NSVwbCOpEqmgAwJsK6mfqaYzwEZCwMNHFp0av4OYHFBO","metadata":{"checkout_mode":"subscription","moodle_course_id":"26","moodle_course_ids":"26,27"}}
{"source":"cu.php","mode":"subscription","resolved_course_ids":[26,27],"subscription_config_ids":[26,27],"session_id":"cs_test_a1tdyGdaZ9gu41NSVwbCOpEqmgAwJsK6mfqaYzwEZCwMNHFp0av4OYHFBO","metadata":{"checkout_mode":"subscription","moodle_course_id":"26","moodle_course_ids":"26,27"}}
{"source":"create-checkout-session","mode":"payment","selected_course_ids":[24],"subscription_config_ids":[26,27]}
{"source":"webhook.php","mode":"payment","resolved_course_ids":[24],"subscription_config_ids":[26,27],"session_id":"cs_test_a1aixvEchX47VoojuyYAAFyTYtLLLF9KY3lLTKmDLXZnl2uCNykTrtdgMq","metadata":{"checkout_mode":"payment","moodle_course_id":"24","moodle_course_ids":"24"}}
{"source":"cu.php","mode":"payment","resolved_course_ids":[24],"subscription_config_ids":[26,27],"session_id":"cs_test_a1aixvEchX47VoojuyYAAFyTYtLLLF9KY3lLTKmDLXZnl2uCNykTrtdgMq","metadata":{"checkout_mode":"payment","moodle_course_id":"24","moodle_course_ids":"24"}}
{"source":"create-checkout-session","mode":"subscription","selected_course_ids":[26,27],"subscription_config_ids":[26,27]}
{"source":"webhook.php","mode":"subscription","resolved_course_ids":[26,27],"subscription_config_ids":[26,27],"session_id":"cs_test_a1vKhehyb18Cwu83fOmrd4P5I3oyLXpWUr0GWUEm95pfccuPh8rRhfJ5BG","metadata":{"checkout_mode":"subscription","moodle_course_id":"26","moodle_course_ids":"26,27"}}
{"source":"cu.php","mode":"subscription","resolved_course_ids":[26,27],"subscription_config_ids":[26,27],"session_id":"cs_test_a1vKhehyb18Cwu83fOmrd4P5I3oyLXpWUr0GWUEm95pfccuPh8rRhfJ5BG","metadata":{"checkout_mode":"subscription","moodle_course_id":"26","moodle_course_ids":"26,27"}}
{"source":"create-checkout-session","mode":"payment","selected_course_ids":[24],"subscription_config_ids":[26,27]}
{"source":"webhook.php","mode":"payment","resolved_course_ids":[24],"subscription_config_ids":[26,27],"session_id":"cs_test_a116Peg4XELc2jtOjTTe2dt2PRPLbkPTauy9XbRd5ew0MH6Mk6qEYbfnoO","metadata":{"checkout_mode":"payment","moodle_course_id":"24","moodle_course_ids":"24"}}
{"source":"cu.php","mode":"payment","resolved_course_ids":[24],"subscription_config_ids":[26,27],"session_id":"cs_test_a116Peg4XELc2jtOjTTe2dt2PRPLbkPTauy9XbRd5ew0MH6Mk6qEYbfnoO","metadata":{"checkout_mode":"payment","moodle_course_id":"24","moodle_course_ids":"24"}}
{"source":"create-checkout-session","mode":"subscription","selected_course_ids":[26,27],"subscription_config_ids":[26,27]}
{"source":"webhook.php","mode":"subscription","resolved_course_ids":[26,27],"subscription_config_ids":[26,27],"session_id":"cs_test_a1dsOleJINNS0064SLUkmWO5Z0YmdXFmHaYRN4bqp11CpS4cfp3av4uws1","metadata":{"checkout_mode":"subscription","moodle_course_id":"26","moodle_course_ids":"26,27"}}
{"source":"cu.php","mode":"subscription","resolved_course_ids":[26,27],"subscription_config_ids":[26,27],"session_id":"cs_test_a1dsOleJINNS0064SLUkmWO5Z0YmdXFmHaYRN4bqp11CpS4cfp3av4uws1","metadata":{"checkout_mode":"subscription","moodle_course_id":"26","moodle_course_ids":"26,27"}}
{"source":"create-checkout-session","mode":"subscription","selected_course_ids":[26,27],"subscription_config_ids":[26,27]}
{"source":"webhook.php","mode":"subscription","resolved_course_ids":[26,27],"subscription_config_ids":[26,27],"session_id":"cs_test_a1Q99Zhbq3L129v8TTFtegy794eiQfHI5SUpFQVBlw0ApzGXYROyEHAQco","metadata":{"checkout_mode":"subscription","moodle_course_id":"26","moodle_course_ids":"26,27"}}
{"source":"cu.php","mode":"subscription","resolved_course_ids":[26,27],"subscription_config_ids":[26,27],"session_id":"cs_test_a1Q99Zhbq3L129v8TTFtegy794eiQfHI5SUpFQVBlw0ApzGXYROyEHAQco","metadata":{"checkout_mode":"subscription","moodle_course_id":"26","moodle_course_ids":"26,27"}}
{"source":"create-checkout-session","mode":"payment","selected_course_ids":[24],"subscription_config_ids":[26,27]}
{"source":"webhook.php","mode":"payment","resolved_course_ids":[24],"subscription_config_ids":[26,27],"session_id":"cs_test_a1PYDJ7PR0v8qzJ3vaPlVBzMqA4AiFPNbg6On9M0p8V6HaFAs5u64OKile","metadata":{"checkout_mode":"payment","moodle_course_id":"24","moodle_course_ids":"24"}}
{"source":"cu.php","mode":"payment","resolved_course_ids":[24],"subscription_config_ids":[26,27],"session_id":"cs_test_a1PYDJ7PR0v8qzJ3vaPlVBzMqA4AiFPNbg6On9M0p8V6HaFAs5u64OKile","metadata":{"checkout_mode":"payment","moodle_course_id":"24","moodle_course_ids":"24"}}
{"source":"create-checkout-session","mode":"payment","selected_course_ids":[24],"subscription_config_ids":[26,27]}
{"source":"webhook.php","mode":"payment","resolved_course_ids":[24],"subscription_config_ids":[26,27],"session_id":"cs_test_a1i3etmFzsej7fBZV9LpSxEGsy5TG1KdKYnm7cZivObSKzzox8X65NEqaI","metadata":{"checkout_mode":"payment","moodle_course_id":"24","moodle_course_ids":"24"}}
{"source":"cu.php","mode":"payment","resolved_course_ids":[24],"subscription_config_ids":[26,27],"session_id":"cs_test_a1i3etmFzsej7fBZV9LpSxEGsy5TG1KdKYnm7cZivObSKzzox8X65NEqaI","metadata":{"checkout_mode":"payment","moodle_course_id":"24","moodle_course_ids":"24"}}
{"source":"create-checkout-session","mode":"subscription","selected_course_ids":[26,27],"subscription_config_ids":[26,27]}
{"source":"webhook.php","mode":"subscription","resolved_course_ids":[26,27],"subscription_config_ids":[26,27],"session_id":"cs_test_a1gS8RW5w8RGZh4iEzLAuMVfcIZ9rfnHjuEnCVmpIKOVpIytP7JBQbDnT8","metadata":{"checkout_mode":"subscription","moodle_course_id":"26","moodle_course_ids":"26,27"}}
{"source":"cu.php","mode":"subscription","resolved_course_ids":[26,27],"subscription_config_ids":[26,27],"session_id":"cs_test_a1gS8RW5w8RGZh4iEzLAuMVfcIZ9rfnHjuEnCVmpIKOVpIytP7JBQbDnT8","metadata":{"checkout_mode":"subscription","moodle_course_id":"26","moodle_course_ids":"26,27"}}
{"source":"create-checkout-session","mode":"subscription","selected_course_ids":[26,27],"subscription_config_ids":[26,27]}
{"source":"webhook.php","mode":"subscription","resolved_course_ids":[26,27],"subscription_config_ids":[26,27],"session_id":"cs_test_a1BPTWBj8mLpFDSKM59rra7c8QzyAvZmggZ3Z2bUl83gFz5Qp0NTmPRpMq","metadata":{"checkout_mode":"subscription","moodle_course_id":"26","moodle_course_ids":"26,27"}}
{"source":"cu.php","mode":"subscription","resolved_course_ids":[26,27],"subscription_config_ids":[26,27],"session_id":"cs_test_a1BPTWBj8mLpFDSKM59rra7c8QzyAvZmggZ3Z2bUl83gFz5Qp0NTmPRpMq","metadata":{"checkout_mode":"subscription","moodle_course_id":"26","moodle_course_ids":"26,27"}}
{"source":"create-checkout-session","mode":"subscription","selected_course_ids":[26,27],"subscription_config_ids":[26,27]}
{"source":"webhook.php","mode":"subscription","resolved_course_ids":[26,27],"subscription_config_ids":[26,27],"session_id":"cs_test_a1g4f4RN1l2oVnBN8nOXm9GvOlloCfYfiRgexMW2yWEEhAENepp5tbtSUQ","metadata":{"checkout_mode":"subscription","moodle_course_id":"26","moodle_course_ids":"26,27"}}
{"source":"cu.php","mode":"subscription","resolved_course_ids":[26,27],"subscription_config_ids":[26,27],"session_id":"cs_test_a1g4f4RN1l2oVnBN8nOXm9GvOlloCfYfiRgexMW2yWEEhAENepp5tbtSUQ","metadata":{"checkout_mode":"subscription","moodle_course_id":"26","moodle_course_ids":"26,27"}}
{"source":"create-checkout-session","mode":"subscription","selected_course_ids":[26,27],"subscription_config_ids":[26,27]}
{"source":"webhook.php","mode":"subscription","resolved_course_ids":[26,27],"subscription_config_ids":[26,27],"session_id":"cs_test_a1hPCsA5M7fS4VZcdSH7AKm58ZlzVKtmbxbqhmtkdEKs1Gk2nZACkoa14z","metadata":{"checkout_mode":"subscription","moodle_course_id":"26","moodle_course_ids":"26,27"}}
{"source":"cu.php","mode":"subscription","resolved_course_ids":[26,27],"subscription_config_ids":[26,27],"session_id":"cs_test_a1hPCsA5M7fS4VZcdSH7AKm58ZlzVKtmbxbqhmtkdEKs1Gk2nZACkoa14z","metadata":{"checkout_mode":"subscription","moodle_course_id":"26","moodle_course_ids":"26,27"}}
{"source":"create-checkout-session","mode":"subscription","selected_course_ids":[26,27],"subscription_config_ids":[26,27]}
{"source":"webhook.php","mode":"subscription","resolved_course_ids":[26,27],"subscription_config_ids":[26,27],"session_id":"cs_test_a1KqWfGLUEciym6EBi11QWUmwO0lPJKDkU4PpGCiQ2k91vAke4IwnJJVVL","metadata":{"checkout_mode":"subscription","moodle_course_id":"26","moodle_course_ids":"26,27"}}
{"source":"cu.php","mode":"subscription","resolved_course_ids":[26,27],"subscription_config_ids":[26,27],"session_id":"cs_test_a1KqWfGLUEciym6EBi11QWUmwO0lPJKDkU4PpGCiQ2k91vAke4IwnJJVVL","metadata":{"checkout_mode":"subscription","moodle_course_id":"26","moodle_course_ids":"26,27"}}
{"source":"create-checkout-session","mode":"subscription","selected_course_ids":[26,27],"subscription_config_ids":[26,27]}
{"source":"webhook.php","mode":"subscription","resolved_course_ids":[26,27],"subscription_config_ids":[26,27],"session_id":"cs_test_a1GvLRBc3DMIvVAlHKHjgpcuxnwo2ayy7SP9lvCLkykKuv9EmSKrFBB6Yx","metadata":{"checkout_mode":"subscription","moodle_course_id":"26","moodle_course_ids":"26,27"}}
{"source":"cu.php","mode":"subscription","resolved_course_ids":[26,27],"subscription_config_ids":[26,27],"session_id":"cs_test_a1GvLRBc3DMIvVAlHKHjgpcuxnwo2ayy7SP9lvCLkykKuv9EmSKrFBB6Yx","metadata":{"checkout_mode":"subscription","moodle_course_id":"26","moodle_course_ids":"26,27"}}
{"source":"create-checkout-session","mode":"payment","selected_course_ids":[24],"subscription_config_ids":[26,27]}
{"source":"webhook.php","mode":"payment","resolved_course_ids":[24],"subscription_config_ids":[26,27],"session_id":"cs_test_a1RF1bYxnqSZSPbARb6WZMcolMuksfbrrA3ikQlnFKjVjCvmMYwylrnNxI","metadata":{"checkout_mode":"payment","moodle_course_id":"24","moodle_course_ids":"24"}}
{"source":"cu.php","mode":"payment","resolved_course_ids":[24],"subscription_config_ids":[26,27],"session_id":"cs_test_a1RF1bYxnqSZSPbARb6WZMcolMuksfbrrA3ikQlnFKjVjCvmMYwylrnNxI","metadata":{"checkout_mode":"payment","moodle_course_id":"24","moodle_course_ids":"24"}}
{"source":"create-checkout-session","mode":"subscription","selected_course_ids":[26,27],"subscription_config_ids":[26,27]}
{"source":"webhook.php","mode":"subscription","resolved_course_ids":[26,27],"subscription_config_ids":[26,27],"session_id":"cs_test_a1d7fGaVPUfIbk9eDtL1Kf45jAsHo63O43Q1lL4kDxrlEhxKzCiO5hCRJx","metadata":{"checkout_mode":"subscription","moodle_course_id":"26","moodle_course_ids":"26,27"}}
{"source":"cu.php","mode":"subscription","resolved_course_ids":[26,27],"subscription_config_ids":[26,27],"session_id":"cs_test_a1d7fGaVPUfIbk9eDtL1Kf45jAsHo63O43Q1lL4kDxrlEhxKzCiO5hCRJx","metadata":{"checkout_mode":"subscription","moodle_course_id":"26","moodle_course_ids":"26,27"}}
{"source":"create-checkout-session","mode":"subscription","selected_course_ids":[26,27],"subscription_config_ids":[26,27]}
{"source":"webhook.php","mode":"subscription","resolved_course_ids":[26,27],"subscription_config_ids":[26,27],"session_id":"cs_test_a1ODQPLYDacC8FDB82sgJt5dIYAy1ykaFokSCBBzFPBP6L1Sh2auDXIBrM","metadata":{"checkout_mode":"subscription","moodle_course_id":"26","moodle_course_ids":"26,27"}}
{"source":"cu.php","mode":"subscription","resolved_course_ids":[26,27],"subscription_config_ids":[26,27],"session_id":"cs_test_a1ODQPLYDacC8FDB82sgJt5dIYAy1ykaFokSCBBzFPBP6L1Sh2auDXIBrM","metadata":{"checkout_mode":"subscription","moodle_course_id":"26","moodle_course_ids":"26,27"}}
{"source":"create-checkout-session","mode":"subscription","selected_course_ids":[26,27],"subscription_config_ids":[26,27]}
{"source":"webhook.php","mode":"subscription","resolved_course_ids":[26,27],"subscription_config_ids":[26,27],"session_id":"cs_test_a10oudeanqfoEVz3w5844wCA4PUchIQKe7cJDk0fscaWcHNJ6EF6SUyvll","metadata":{"checkout_mode":"subscription","moodle_course_id":"26","moodle_course_ids":"26,27"}}
{"source":"cu.php","mode":"subscription","resolved_course_ids":[26,27],"subscription_config_ids":[26,27],"session_id":"cs_test_a10oudeanqfoEVz3w5844wCA4PUchIQKe7cJDk0fscaWcHNJ6EF6SUyvll","metadata":{"checkout_mode":"subscription","moodle_course_id":"26","moodle_course_ids":"26,27"}}
{"source":"create-checkout-session","mode":"subscription","selected_course_ids":[26,27],"subscription_config_ids":[26,27]}
{"source":"webhook.php","mode":"subscription","resolved_course_ids":[26,27],"subscription_config_ids":[26,27],"session_id":"cs_test_a1vREz8ljroUf8jDpwKvCOZtuPwXsHJA4FOAubeLVy7XGEvTS3adCFfFJG","metadata":{"checkout_mode":"subscription","moodle_course_id":"26","moodle_course_ids":"26,27"}}
{"source":"cu.php","mode":"subscription","resolved_course_ids":[26,27],"subscription_config_ids":[26,27],"session_id":"cs_test_a1vREz8ljroUf8jDpwKvCOZtuPwXsHJA4FOAubeLVy7XGEvTS3adCFfFJG","metadata":{"checkout_mode":"subscription","moodle_course_id":"26","moodle_course_ids":"26,27"}}
{"source":"create-checkout-session","mode":"subscription","selected_course_ids":[26,27],"subscription_config_ids":[26,27]}
{"source":"webhook.php","mode":"subscription","resolved_course_ids":[26,27],"subscription_config_ids":[26,27],"session_id":"cs_test_a1sMeh8VintVUFiPlzbZsmgaVnbbLqoRvYBdVZsDrzJp9hXQNn4DP1tNBr","metadata":{"checkout_mode":"subscription","moodle_course_id":"26","moodle_course_ids":"26,27"}}
{"source":"cu.php","mode":"subscription","resolved_course_ids":[26,27],"subscription_config_ids":[26,27],"session_id":"cs_test_a1sMeh8VintVUFiPlzbZsmgaVnbbLqoRvYBdVZsDrzJp9hXQNn4DP1tNBr","metadata":{"checkout_mode":"subscription","moodle_course_id":"26","moodle_course_ids":"26,27"}}
{"source":"create-checkout-session","mode":"subscription","selected_course_ids":[26,27],"subscription_config_ids":[26,27]}
{"source":"webhook.php","mode":"subscription","resolved_course_ids":[26,27],"subscription_config_ids":[26,27],"session_id":"cs_test_a1159ve2tOgtxJpnq4w2f0zK5Kf0Fx3elkJYgSadw6xgFaDt0dGWLol8Q7","metadata":{"checkout_mode":"subscription","moodle_course_id":"26","moodle_course_ids":"26,27"}}
{"source":"create-checkout-session","mode":"subscription","selected_course_ids":[26,27],"subscription_config_ids":[26,27]}
{"source":"webhook.php","mode":"subscription","resolved_course_ids":[26,27],"subscription_config_ids":[26,27],"session_id":"cs_test_a1WIVXdB6uEeWfkSy2NW5IhFbBrhTqd2u3egWvG21gN4tQpPpm2h0Y0FTd","metadata":{"checkout_mode":"subscription","moodle_course_id":"26","moodle_course_ids":"26,27"}}
{"source":"cu.php","mode":"subscription","resolved_course_ids":[26,27],"subscription_config_ids":[26,27],"session_id":"cs_test_a1WIVXdB6uEeWfkSy2NW5IhFbBrhTqd2u3egWvG21gN4tQpPpm2h0Y0FTd","metadata":{"checkout_mode":"subscription","moodle_course_id":"26","moodle_course_ids":"26,27"}}
{"source":"create-checkout-session","mode":"subscription","selected_course_ids":[26,27],"subscription_config_ids":[26,27]}
{"source":"webhook.php","mode":"subscription","resolved_course_ids":[26,27],"subscription_config_ids":[26,27],"session_id":"cs_test_a1nTdUbBgy4A4DIrLM5g8B73JbeALV08Ct3pIDOk3UTxnLBjjkcdJN3jBX","metadata":{"checkout_mode":"subscription","moodle_course_id":"26","moodle_course_ids":"26,27"}}
{"source":"cu.php","mode":"subscription","resolved_course_ids":[26,27],"subscription_config_ids":[26,27],"session_id":"cs_test_a1nTdUbBgy4A4DIrLM5g8B73JbeALV08Ct3pIDOk3UTxnLBjjkcdJN3jBX","metadata":{"checkout_mode":"subscription","moodle_course_id":"26","moodle_course_ids":"26,27"}}
{"source":"create-checkout-session","mode":"subscription","selected_course_ids":[26,27],"subscription_config_ids":[26,27]}
{"source":"webhook.php","mode":"subscription","resolved_course_ids":[26,27],"subscription_config_ids":[26,27],"session_id":"cs_test_a1AAP97GrhWofbKqvOOrO8jvvth0bAEN4T3MxcKaTcJRdOvoGLquGI8Nep","metadata":{"checkout_mode":"subscription","moodle_course_id":"26","moodle_course_ids":"26,27"}}
{"source":"cu.php","mode":"subscription","resolved_course_ids":[26,27],"subscription_config_ids":[26,27],"session_id":"cs_test_a1AAP97GrhWofbKqvOOrO8jvvth0bAEN4T3MxcKaTcJRdOvoGLquGI8Nep","metadata":{"checkout_mode":"subscription","moodle_course_id":"26","moodle_course_ids":"26,27"}}
{"source":"create-checkout-session","mode":"payment","selected_course_ids":[24],"subscription_config_ids":[26,27]}
{"source":"webhook.php","mode":"payment","resolved_course_ids":[24],"subscription_config_ids":[26,27],"session_id":"cs_test_a1JRYpfSBUBDJNW1MmsGKJgEibV3AystHRQrudnwAdfZU5tRg2gz4pWXo2","metadata":{"checkout_mode":"payment","moodle_course_id":"24","moodle_course_ids":"24"}}
{"source":"cu.php","mode":"payment","resolved_course_ids":[24],"subscription_config_ids":[26,27],"session_id":"cs_test_a1JRYpfSBUBDJNW1MmsGKJgEibV3AystHRQrudnwAdfZU5tRg2gz4pWXo2","metadata":{"checkout_mode":"payment","moodle_course_id":"24","moodle_course_ids":"24"}}
{"source":"create-checkout-session","mode":"subscription","selected_course_ids":[26,27],"subscription_config_ids":[26,27]}
{"source":"create-checkout-session","mode":"subscription","selected_course_ids":[26,27],"subscription_config_ids":[26,27]}
{"source":"create-checkout-session","mode":"payment","selected_course_ids":[24],"subscription_config_ids":[26,27]}
{"source":"create-checkout-session","mode":"subscription","selected_course_ids":[26,27],"subscription_config_ids":[26,27]}
{"source":"create-checkout-session","mode":"subscription","selected_course_ids":[26,27],"subscription_config_ids":[26,27]}
{"source":"create-checkout-session","mode":"subscription","selected_course_ids":[26,27],"subscription_config_ids":[26,27]}
{"source":"create-checkout-session","mode":"subscription","selected_course_ids":[26,27],"subscription_config_ids":[26,27]}
{"source":"create-checkout-session","mode":"subscription","selected_course_ids":[26,27],"subscription_config_ids":[26,27]}
{"source":"webhook.php","mode":"subscription","resolved_course_ids":[26,27],"subscription_config_ids":[26,27],"session_id":"cs_test_a1Cnd5mp4kAW55en6nSfRz4MEtXUjJv32sUUHb166xtOFIsvrb0TLlxleu","metadata":{"checkout_mode":"subscription","moodle_course_id":"26","moodle_course_ids":"26,27"}}
{"source":"cu.php","mode":"subscription","resolved_course_ids":[26,27],"subscription_config_ids":[26,27],"session_id":"cs_test_a1Cnd5mp4kAW55en6nSfRz4MEtXUjJv32sUUHb166xtOFIsvrb0TLlxleu","metadata":{"checkout_mode":"subscription","moodle_course_id":"26","moodle_course_ids":"26,27"}}
{"source":"create-checkout-session","mode":"subscription","selected_course_ids":[26,27],"subscription_config_ids":[26,27]}
{"source":"create-checkout-session","mode":"subscription","selected_course_ids":[26,27],"subscription_config_ids":[26,27]}
{"source":"create-checkout-session","mode":"subscription","selected_course_ids":[26,27],"subscription_config_ids":[26,27]}
{"source":"create-checkout-session","mode":"subscription","selected_course_ids":[26,27],"subscription_config_ids":[26,27]}
{"source":"create-checkout-session","mode":"subscription","selected_course_ids":[26,27],"subscription_config_ids":[26,27]}
{"source":"create-checkout-session","mode":"subscription","selected_course_ids":[26,27],"subscription_config_ids":[26,27]}
{"source":"create-checkout-session","mode":"subscription","selected_course_ids":[26,27],"subscription_config_ids":[26,27]}
{"source":"create-checkout-session","mode":"subscription","selected_course_ids":[26,27],"subscription_config_ids":[26,27]}
{"source":"create-checkout-session","mode":"subscription","selected_course_ids":[26,27],"subscription_config_ids":[26,27]}
{"source":"webhook.php","mode":"subscription","resolved_course_ids":[26,27],"subscription_config_ids":[26,27],"session_id":"cs_test_a17BLSbSOwOfOGkHpyPsUXlkaC7Yf7DyEOsQfoSO2ojsj00juP9KpNsLDR","metadata":{"checkout_mode":"subscription","moodle_course_id":"26","moodle_course_ids":"26,27"}}
{"source":"cu.php","mode":"subscription","resolved_course_ids":[26,27],"subscription_config_ids":[26,27],"session_id":"cs_test_a17BLSbSOwOfOGkHpyPsUXlkaC7Yf7DyEOsQfoSO2ojsj00juP9KpNsLDR","metadata":{"checkout_mode":"subscription","moodle_course_id":"26","moodle_course_ids":"26,27"}}
{"source":"create-checkout-session","mode":"payment","selected_course_ids":[24],"subscription_config_ids":[26,27]}
{"source":"create-checkout-session","mode":"subscription","selected_course_ids":[26,27],"subscription_config_ids":[26,27]}
{"source":"webhook.php","mode":"subscription","resolved_course_ids":[26,27],"subscription_config_ids":[26,27],"session_id":"cs_test_a1maqw5rmeIeD7wA9Rd9E6kycbLPy7rnie0DxUXICqPfC4PXQKGln5V3j6","metadata":{"checkout_mode":"subscription","moodle_course_id":"26","moodle_course_ids":"26,27"}}
{"source":"cu.php","mode":"subscription","resolved_course_ids":[26,27],"subscription_config_ids":[26,27],"session_id":"cs_test_a1maqw5rmeIeD7wA9Rd9E6kycbLPy7rnie0DxUXICqPfC4PXQKGln5V3j6","metadata":{"checkout_mode":"subscription","moodle_course_id":"26","moodle_course_ids":"26,27"}}
{"source":"create-checkout-session","mode":"subscription","selected_course_ids":[26,27],"subscription_config_ids":[26,27]}
{"source":"webhook.php","mode":"subscription","resolved_course_ids":[26,27],"subscription_config_ids":[26,27],"session_id":"cs_test_a1euSb2zuYPxijQz2lYBMK6Vurkn3Q9L8Sgti4vJgazUYebBwyeMbN1wjo","metadata":{"checkout_mode":"subscription","moodle_course_id":"26","moodle_course_ids":"26,27"}}
{"source":"cu.php","mode":"subscription","resolved_course_ids":[26,27],"subscription_config_ids":[26,27],"session_id":"cs_test_a1euSb2zuYPxijQz2lYBMK6Vurkn3Q9L8Sgti4vJgazUYebBwyeMbN1wjo","metadata":{"checkout_mode":"subscription","moodle_course_id":"26","moodle_course_ids":"26,27"}}
{"source":"create-checkout-session","mode":"subscription","selected_course_ids":[26,27],"subscription_config_ids":[26,27]}
{"source":"webhook.php","mode":"subscription","resolved_course_ids":[26,27],"subscription_config_ids":[26,27],"session_id":"cs_test_a13DgznM7AkZOOcflyHIy6d6MkenJlzOyEVjbNeBEBJP5yjnck285CA1u5","metadata":{"checkout_mode":"subscription","moodle_course_id":"26","moodle_course_ids":"26,27"}}
{"source":"cu.php","mode":"subscription","resolved_course_ids":[26,27],"subscription_config_ids":[26,27],"session_id":"cs_test_a13DgznM7AkZOOcflyHIy6d6MkenJlzOyEVjbNeBEBJP5yjnck285CA1u5","metadata":{"checkout_mode":"subscription","moodle_course_id":"26","moodle_course_ids":"26,27"}}
{"source":"create-checkout-session","mode":"payment","selected_course_ids":[24],"subscription_config_ids":[26,27]}
{"source":"webhook.php","mode":"payment","resolved_course_ids":[24],"subscription_config_ids":[26,27],"session_id":"cs_test_a14mViw1iKu5x1z3bIrqCp2LwhhnsthLi786UwBDZo6sXe7x8llc7RvWqu","metadata":{"checkout_mode":"payment","moodle_course_id":"24","moodle_course_ids":"24"}}
{"source":"cu.php","mode":"payment","resolved_course_ids":[24],"subscription_config_ids":[26,27],"session_id":"cs_test_a14mViw1iKu5x1z3bIrqCp2LwhhnsthLi786UwBDZo6sXe7x8llc7RvWqu","metadata":{"checkout_mode":"payment","moodle_course_id":"24","moodle_course_ids":"24"}}
{"source":"create-checkout-session","mode":"subscription","selected_course_ids":[26,27],"subscription_config_ids":[26,27]}
{"source":"webhook.php","mode":"subscription","resolved_course_ids":[26,27],"subscription_config_ids":[26,27],"session_id":"cs_test_a1jA0AJScQTBwocMczWLhx8bWvRQUljtR6eO5BmgsicAxPa2wFgJ3k9fDp","metadata":{"checkout_mode":"subscription","moodle_course_id":"26","moodle_course_ids":"26,27"}}
{"source":"cu.php","mode":"subscription","resolved_course_ids":[26,27],"subscription_config_ids":[26,27],"session_id":"cs_test_a1jA0AJScQTBwocMczWLhx8bWvRQUljtR6eO5BmgsicAxPa2wFgJ3k9fDp","metadata":{"checkout_mode":"subscription","moodle_course_id":"26","moodle_course_ids":"26,27"}}
{"source":"create-checkout-session","mode":"subscription","selected_course_ids":[26,27],"subscription_config_ids":[26,27]}
{"source":"webhook.php","mode":"subscription","resolved_course_ids":[26,27],"subscription_config_ids":[26,27],"session_id":"cs_test_a1uFEas9tqYUY2RvB08Uf7JceA9QRZVxwlcmFJNt041DaOD7HUaz7XgUAj","metadata":{"checkout_mode":"subscription","moodle_course_id":"26","moodle_course_ids":"26,27"}}
{"source":"cu.php","mode":"subscription","resolved_course_ids":[26,27],"subscription_config_ids":[26,27],"session_id":"cs_test_a1uFEas9tqYUY2RvB08Uf7JceA9QRZVxwlcmFJNt041DaOD7HUaz7XgUAj","metadata":{"checkout_mode":"subscription","moodle_course_id":"26","moodle_course_ids":"26,27"}}
{"source":"create-checkout-session","mode":"payment","selected_course_ids":[24],"subscription_config_ids":[26,27]}
{"source":"webhook.php","mode":"payment","resolved_course_ids":[24],"subscription_config_ids":[26,27],"session_id":"cs_live_a1TK9Bc1ylM4HkgGf9Sk9EV0FMMHKo1YaFLv82gwirHAhREzT5eX61lGKF","metadata":{"checkout_mode":"payment","moodle_course_id":"24","moodle_course_ids":"24"}}
{"source":"cu.php","mode":"payment","resolved_course_ids":[24],"subscription_config_ids":[26,27],"session_id":"cs_live_a1TK9Bc1ylM4HkgGf9Sk9EV0FMMHKo1YaFLv82gwirHAhREzT5eX61lGKF","metadata":{"checkout_mode":"payment","moodle_course_id":"24","moodle_course_ids":"24"}}
{"source":"create-checkout-session","mode":"payment","selected_course_ids":[24],"subscription_config_ids":[26,27]}
{"source":"webhook.php","mode":"payment","resolved_course_ids":[24],"subscription_config_ids":[26,27],"session_id":"cs_live_a1byFcvJKV6Fm2bdd1KnnLWB5LyeW0nYO4bCYPE84Ynx1JC7cR6kMFiidd","metadata":{"checkout_mode":"payment","moodle_course_id":"24","moodle_course_ids":"24"}}
{"source":"cu.php","mode":"payment","resolved_course_ids":[24],"subscription_config_ids":[26,27],"session_id":"cs_live_a1byFcvJKV6Fm2bdd1KnnLWB5LyeW0nYO4bCYPE84Ynx1JC7cR6kMFiidd","metadata":{"checkout_mode":"payment","moodle_course_id":"24","moodle_course_ids":"24"}}
{"source":"create-checkout-session","mode":"payment","selected_course_ids":[24],"subscription_config_ids":[26,27]}
{"source":"webhook.php","mode":"payment","resolved_course_ids":[24],"subscription_config_ids":[26,27],"session_id":"cs_test_a1BVF1M73OgM542Khfckqiyk684ridto7ExCne4s5UQL3c2B75UgbLYtlx","metadata":{"checkout_mode":"payment","moodle_course_id":"24","moodle_course_ids":"24"}}
{"source":"cu.php","mode":"payment","resolved_course_ids":[24],"subscription_config_ids":[26,27],"session_id":"cs_test_a1BVF1M73OgM542Khfckqiyk684ridto7ExCne4s5UQL3c2B75UgbLYtlx","metadata":{"checkout_mode":"payment","moodle_course_id":"24","moodle_course_ids":"24"}}
{"source":"create-checkout-session","mode":"payment","selected_course_ids":[24],"subscription_config_ids":[26,27]}
{"source":"webhook.php","mode":"payment","resolved_course_ids":[24],"subscription_config_ids":[26,27],"session_id":"cs_test_a1eetNxDuHtYVEkviqbPb3eNuReszhur3BHwRs8w9bbINxkd7IAmJFo1Ab","metadata":{"checkout_mode":"payment","moodle_course_id":"24","moodle_course_ids":"24"}}
{"source":"cu.php","mode":"payment","resolved_course_ids":[24],"subscription_config_ids":[26,27],"session_id":"cs_test_a1eetNxDuHtYVEkviqbPb3eNuReszhur3BHwRs8w9bbINxkd7IAmJFo1Ab","metadata":{"checkout_mode":"payment","moodle_course_id":"24","moodle_course_ids":"24"}}
{"source":"create-checkout-session","mode":"payment","selected_course_ids":[24],"subscription_config_ids":[26,27]}
{"source":"webhook.php","mode":"payment","resolved_course_ids":[24],"subscription_config_ids":[26,27],"session_id":"cs_test_a1awTa2nZjGfqyOayV68Nlki9m6FoXN3020S9ZCrVSxMHgxIAfCET8pkoz","metadata":{"checkout_mode":"payment","moodle_course_id":"24","moodle_course_ids":"24"}}
{"source":"cu.php","mode":"payment","resolved_course_ids":[24],"subscription_config_ids":[26,27],"session_id":"cs_test_a1awTa2nZjGfqyOayV68Nlki9m6FoXN3020S9ZCrVSxMHgxIAfCET8pkoz","metadata":{"checkout_mode":"payment","moodle_course_id":"24","moodle_course_ids":"24"}}
{"source":"create-checkout-session","mode":"payment","selected_course_ids":[24],"subscription_config_ids":[26,27]}
{"source":"webhook.php","mode":"payment","resolved_course_ids":[24],"subscription_config_ids":[26,27],"session_id":"cs_test_a1tuUhuro6ZosSgCrnxNElOXuPmEkcfoSJFOsV6AI9xUtBEHZ4muZjvCbD","metadata":{"checkout_mode":"payment","moodle_course_id":"24","moodle_course_ids":"24"}}
{"source":"cu.php","mode":"payment","resolved_course_ids":[24],"subscription_config_ids":[26,27],"session_id":"cs_test_a1tuUhuro6ZosSgCrnxNElOXuPmEkcfoSJFOsV6AI9xUtBEHZ4muZjvCbD","metadata":{"checkout_mode":"payment","moodle_course_id":"24","moodle_course_ids":"24"}}
{"source":"create-checkout-session","mode":"payment","selected_course_ids":[24],"subscription_config_ids":[26,27]}
{"source":"webhook.php","mode":"payment","resolved_course_ids":[24],"subscription_config_ids":[26,27],"session_id":"cs_test_a1p3oOvkkApb7o9cbwcUvW9WiOmwqJjx4I6onouCwZMq5c6KcMPGZUc0A2","metadata":{"checkout_mode":"payment","moodle_course_id":"24","moodle_course_ids":"24"}}
{"source":"cu.php","mode":"payment","resolved_course_ids":[24],"subscription_config_ids":[26,27],"session_id":"cs_test_a1p3oOvkkApb7o9cbwcUvW9WiOmwqJjx4I6onouCwZMq5c6KcMPGZUc0A2","metadata":{"checkout_mode":"payment","moodle_course_id":"24","moodle_course_ids":"24"}}
{"source":"create-checkout-session","mode":"payment","selected_course_ids":[24],"subscription_config_ids":[26,27]}
{"source":"create-checkout-session","mode":"payment","selected_course_ids":[24],"subscription_config_ids":[26,27]}
{"source":"webhook.php","mode":"payment","resolved_course_ids":[24],"subscription_config_ids":[26,27],"session_id":"cs_test_a1wDwAEuWwdNtb1wNVF2wqHdRtnt6PrShN7Fd344L5SmSrScNVGr0KiQop","metadata":{"checkout_mode":"payment","moodle_course_id":"24","moodle_course_ids":"24"}}
{"source":"cu.php","mode":"payment","resolved_course_ids":[24],"subscription_config_ids":[26,27],"session_id":"cs_test_a1wDwAEuWwdNtb1wNVF2wqHdRtnt6PrShN7Fd344L5SmSrScNVGr0KiQop","metadata":{"checkout_mode":"payment","moodle_course_id":"24","moodle_course_ids":"24"}}
{"source":"create-checkout-session","mode":"payment","selected_course_ids":[24],"subscription_config_ids":[26,27]}
{"source":"webhook.php","mode":"payment","resolved_course_ids":[24],"subscription_config_ids":[26,27],"session_id":"cs_test_a1fekl9A2iKu92h0koL0dlzjXbWl4mMWYgdWOBkUPLktmhWavim3loZO5a","metadata":{"checkout_mode":"payment","moodle_course_id":"24","moodle_course_ids":"24"}}
{"source":"cu.php","mode":"payment","resolved_course_ids":[24],"subscription_config_ids":[26,27],"session_id":"cs_test_a1fekl9A2iKu92h0koL0dlzjXbWl4mMWYgdWOBkUPLktmhWavim3loZO5a","metadata":{"checkout_mode":"payment","moodle_course_id":"24","moodle_course_ids":"24"}}
{"source":"create-checkout-session","mode":"payment","selected_course_ids":[24],"subscription_config_ids":[26,27]}
{"source":"webhook.php","mode":"payment","resolved_course_ids":[24],"subscription_config_ids":[26,27],"session_id":"cs_test_a1uLrnSNPA9hkVokbbLpEHQtcdkCcTJg8vwkpN8LSphqnIpSxvnvLwDH32","metadata":{"checkout_mode":"payment","moodle_course_id":"24","moodle_course_ids":"24"}}
{"source":"cu.php","mode":"payment","resolved_course_ids":[24],"subscription_config_ids":[26,27],"session_id":"cs_test_a1uLrnSNPA9hkVokbbLpEHQtcdkCcTJg8vwkpN8LSphqnIpSxvnvLwDH32","metadata":{"checkout_mode":"payment","moodle_course_id":"24","moodle_course_ids":"24"}}
{"source":"create-checkout-session","mode":"subscription","selected_course_ids":[26,27],"subscription_config_ids":[26,27]}
{"source":"webhook.php","mode":"subscription","resolved_course_ids":[26,27],"subscription_config_ids":[26,27],"session_id":"cs_test_a1PakUDbpVNsA4vS823cLz6yRMFadG9zZop7azyBcHUj3xOKx7sigXSw0p","metadata":{"checkout_mode":"subscription","moodle_course_id":"26","moodle_course_ids":"26,27"}}
{"source":"cu.php","mode":"subscription","resolved_course_ids":[26,27],"subscription_config_ids":[26,27],"session_id":"cs_test_a1PakUDbpVNsA4vS823cLz6yRMFadG9zZop7azyBcHUj3xOKx7sigXSw0p","metadata":{"checkout_mode":"subscription","moodle_course_id":"26","moodle_course_ids":"26,27"}}
{"source":"create-checkout-session","mode":"subscription","selected_course_ids":[26,27],"subscription_config_ids":[26,27]}
{"source":"webhook.php","mode":"subscription","resolved_course_ids":[26,27],"subscription_config_ids":[26,27],"session_id":"cs_test_a1uLb94tPmyIEXog0FKTsHrWeFfgIXsIqFlQxel4eoLpjQ3hrNX59jJBvw","metadata":{"checkout_mode":"subscription","moodle_course_id":"26","moodle_course_ids":"26,27"}}
{"source":"cu.php","mode":"subscription","resolved_course_ids":[26,27],"subscription_config_ids":[26,27],"session_id":"cs_test_a1uLb94tPmyIEXog0FKTsHrWeFfgIXsIqFlQxel4eoLpjQ3hrNX59jJBvw","metadata":{"checkout_mode":"subscription","moodle_course_id":"26","moodle_course_ids":"26,27"}}
{"source":"create-checkout-session","mode":"subscription","selected_course_ids":[26,27],"subscription_config_ids":[26,27]}
{"source":"webhook.php","mode":"subscription","resolved_course_ids":[26,27],"subscription_config_ids":[26,27],"session_id":"cs_test_a174FEJ32VEj1qNp9GBumkNAwEl1VhwRNIwwDyfVz9c8UlgbFbxDriWpdq","metadata":{"checkout_mode":"subscription","moodle_course_id":"26","moodle_course_ids":"26,27"}}
{"source":"cu.php","mode":"subscription","resolved_course_ids":[26,27],"subscription_config_ids":[26,27],"session_id":"cs_test_a174FEJ32VEj1qNp9GBumkNAwEl1VhwRNIwwDyfVz9c8UlgbFbxDriWpdq","metadata":{"checkout_mode":"subscription","moodle_course_id":"26","moodle_course_ids":"26,27"}}
{"source":"create-checkout-session","mode":"payment","selected_course_ids":[24],"subscription_config_ids":[26,27]}
{"source":"webhook.php","mode":"payment","resolved_course_ids":[24],"subscription_config_ids":[26,27],"session_id":"cs_test_a1N5GBMdInvoJ5Y0FOpRYU0jTaGS5vN6DRK1bdkeN3dXjhOu3AbKvvhG1a","metadata":{"checkout_mode":"payment","moodle_course_id":"24","moodle_course_ids":"24"}}
{"source":"cu.php","mode":"payment","resolved_course_ids":[24],"subscription_config_ids":[26,27],"session_id":"cs_test_a1N5GBMdInvoJ5Y0FOpRYU0jTaGS5vN6DRK1bdkeN3dXjhOu3AbKvvhG1a","metadata":{"checkout_mode":"payment","moodle_course_id":"24","moodle_course_ids":"24"}}
{"source":"create-checkout-session","mode":"subscription","selected_course_ids":[26,27],"subscription_config_ids":[26,27]}
{"source":"webhook.php","mode":"subscription","resolved_course_ids":[26,27],"subscription_config_ids":[26,27],"session_id":"cs_test_a13d2RJ2Efaymz8QSTRDrwSdPxUoCBX2xhLZ9ebLyv1fiVf11ioyTZH0FT","metadata":{"checkout_mode":"subscription","moodle_course_id":"26","moodle_course_ids":"26,27"}}
{"source":"cu.php","mode":"subscription","resolved_course_ids":[26,27],"subscription_config_ids":[26,27],"session_id":"cs_test_a13d2RJ2Efaymz8QSTRDrwSdPxUoCBX2xhLZ9ebLyv1fiVf11ioyTZH0FT","metadata":{"checkout_mode":"subscription","moodle_course_id":"26","moodle_course_ids":"26,27"}}
{"source":"create-checkout-session","mode":"payment","selected_course_ids":[24],"subscription_config_ids":[26,27]}
{"source":"webhook.php","mode":"payment","resolved_course_ids":[24],"subscription_config_ids":[26,27],"session_id":"cs_test_a1VETrcRDpZeFUCuTvLJshBTtvEiG6YEoFVGfpO97YD0QXuVFVb1FwaE1J","metadata":{"checkout_mode":"payment","moodle_course_id":"24","moodle_course_ids":"24"}}
{"source":"cu.php","mode":"payment","resolved_course_ids":[24],"subscription_config_ids":[26,27],"session_id":"cs_test_a1VETrcRDpZeFUCuTvLJshBTtvEiG6YEoFVGfpO97YD0QXuVFVb1FwaE1J","metadata":{"checkout_mode":"payment","moodle_course_id":"24","moodle_course_ids":"24"}}
{"source":"create-checkout-session","mode":"payment","selected_course_ids":[24],"subscription_config_ids":[26,27]}
{"source":"webhook.php","mode":"payment","resolved_course_ids":[24],"subscription_config_ids":[26,27],"session_id":"cs_test_a14aDCpXf2m7nXMCIqVtaeCYahNN5TXtE50el2oURX6BPi9HOq4RUCpV47","metadata":{"checkout_mode":"payment","moodle_course_id":"24","moodle_course_ids":"24"}}
{"source":"cu.php","mode":"payment","resolved_course_ids":[24],"subscription_config_ids":[26,27],"session_id":"cs_test_a14aDCpXf2m7nXMCIqVtaeCYahNN5TXtE50el2oURX6BPi9HOq4RUCpV47","metadata":{"checkout_mode":"payment","moodle_course_id":"24","moodle_course_ids":"24"}}
{"source":"create-checkout-session","mode":"payment","selected_course_ids":[24],"subscription_config_ids":[26,27]}
{"source":"webhook.php","mode":"payment","resolved_course_ids":[24],"subscription_config_ids":[26,27],"session_id":"cs_test_a1KCLm2gfANUw8RyGOoZRuKG5rPkioVwcVZqyjevRv2T1Z9stIgfluS90a","metadata":{"checkout_mode":"payment","moodle_course_id":"24","moodle_course_ids":"24"}}
{"source":"cu.php","mode":"payment","resolved_course_ids":[24],"subscription_config_ids":[26,27],"session_id":"cs_test_a1KCLm2gfANUw8RyGOoZRuKG5rPkioVwcVZqyjevRv2T1Z9stIgfluS90a","metadata":{"checkout_mode":"payment","moodle_course_id":"24","moodle_course_ids":"24"}}
{"source":"create-checkout-session","mode":"payment","selected_course_ids":[24],"subscription_config_ids":[26,27]}
{"source":"webhook.php","mode":"payment","resolved_course_ids":[24],"subscription_config_ids":[26,27],"session_id":"cs_test_a1YrXpajIhmxu00RGCWGIkZpFvjPXel0xlyJTbY1HIyQhGsCZvHMi3PetB","metadata":{"checkout_mode":"payment","moodle_course_id":"24","moodle_course_ids":"24"}}
{"source":"cu.php","mode":"payment","resolved_course_ids":[24],"subscription_config_ids":[26,27],"session_id":"cs_test_a1YrXpajIhmxu00RGCWGIkZpFvjPXel0xlyJTbY1HIyQhGsCZvHMi3PetB","metadata":{"checkout_mode":"payment","moodle_course_id":"24","moodle_course_ids":"24"}}
{"source":"create-checkout-session","mode":"payment","selected_course_ids":[24],"subscription_config_ids":[26,27]}
{"source":"webhook.php","mode":"payment","resolved_course_ids":[24],"subscription_config_ids":[26,27],"session_id":"cs_test_a1Q7fVgO45kUeAdBCbkmohq4ftK4X0vXegUdvu66DUWVFJVaqjBc9XBYR2","metadata":{"checkout_mode":"payment","moodle_course_id":"24","moodle_course_ids":"24"}}
{"source":"cu.php","mode":"payment","resolved_course_ids":[24],"subscription_config_ids":[26,27],"session_id":"cs_test_a1Q7fVgO45kUeAdBCbkmohq4ftK4X0vXegUdvu66DUWVFJVaqjBc9XBYR2","metadata":{"checkout_mode":"payment","moodle_course_id":"24","moodle_course_ids":"24"}}
{"source":"create-checkout-session","mode":"payment","selected_course_ids":[24],"subscription_config_ids":[26,27]}
{"source":"webhook.php","mode":"payment","resolved_course_ids":[24],"subscription_config_ids":[26,27],"session_id":"cs_test_a1lMExBQjL2VwHeeMzP5jBaWRLn4avltk6hqTrHHvnsLVhV3v4D3K2xaQO","metadata":{"checkout_mode":"payment","moodle_course_id":"24","moodle_course_ids":"24"}}
{"source":"cu.php","mode":"payment","resolved_course_ids":[24],"subscription_config_ids":[26,27],"session_id":"cs_test_a1lMExBQjL2VwHeeMzP5jBaWRLn4avltk6hqTrHHvnsLVhV3v4D3K2xaQO","metadata":{"checkout_mode":"payment","moodle_course_id":"24","moodle_course_ids":"24"}}
{"source":"create-checkout-session","mode":"payment","selected_course_ids":[24],"subscription_config_ids":[26,27]}
{"source":"webhook.php","mode":"payment","resolved_course_ids":[24],"subscription_config_ids":[26,27],"session_id":"cs_test_a1peAzJkHiizzFRFE79PhfEiBRuNJ8LVM5b59wTVh8Zo2SMSPZBL9LCtEi","metadata":{"checkout_mode":"payment","moodle_course_id":"24","moodle_course_ids":"24"}}
{"source":"cu.php","mode":"payment","resolved_course_ids":[24],"subscription_config_ids":[26,27],"session_id":"cs_test_a1peAzJkHiizzFRFE79PhfEiBRuNJ8LVM5b59wTVh8Zo2SMSPZBL9LCtEi","metadata":{"checkout_mode":"payment","moodle_course_id":"24","moodle_course_ids":"24"}}
{"source":"create-checkout-session","mode":"subscription","selected_course_ids":[26,27],"subscription_config_ids":[26,27]}
{"source":"webhook.php","mode":"subscription","resolved_course_ids":[26,27],"subscription_config_ids":[26,27],"session_id":"cs_test_a1dxs6wuxKJ4qclubFO4hLxGSLvtnt3y580iMdynwgOYOhqZPTzZscjkvy","metadata":{"checkout_mode":"subscription","moodle_course_id":"26","moodle_course_ids":"26,27"}}
{"source":"cu.php","mode":"subscription","resolved_course_ids":[26,27],"subscription_config_ids":[26,27],"session_id":"cs_test_a1dxs6wuxKJ4qclubFO4hLxGSLvtnt3y580iMdynwgOYOhqZPTzZscjkvy","metadata":{"checkout_mode":"subscription","moodle_course_id":"26","moodle_course_ids":"26,27"}}
{"source":"create-checkout-session","mode":"subscription","selected_course_ids":[26,27],"subscription_config_ids":[26,27]}
{"source":"webhook.php","mode":"subscription","resolved_course_ids":[26,27],"subscription_config_ids":[26,27],"session_id":"cs_test_a1uVmo2zNteHEcCrdx11IqG5lcBGx0VVhm1qigyLMnwTzxP93OvV2M3rij","metadata":{"checkout_mode":"subscription","moodle_course_id":"26","moodle_course_ids":"26,27"}}
{"source":"cu.php","mode":"subscription","resolved_course_ids":[26,27],"subscription_config_ids":[26,27],"session_id":"cs_test_a1uVmo2zNteHEcCrdx11IqG5lcBGx0VVhm1qigyLMnwTzxP93OvV2M3rij","metadata":{"checkout_mode":"subscription","moodle_course_id":"26","moodle_course_ids":"26,27"}}
{"source":"create-checkout-session","mode":"subscription","selected_course_ids":[26,27],"subscription_config_ids":[26,27]}
{"source":"webhook.php","mode":"subscription","resolved_course_ids":[26,27],"subscription_config_ids":[26,27],"session_id":"cs_test_a1QZBgVWqoZvZ0IIhtr9R1r4NCXCstK9V6FVJ0M6um7L1kEFbwe8qSLsjG","metadata":{"checkout_mode":"subscription","moodle_course_id":"26","moodle_course_ids":"26,27"}}
{"source":"cu.php","mode":"subscription","resolved_course_ids":[26,27],"subscription_config_ids":[26,27],"session_id":"cs_test_a1QZBgVWqoZvZ0IIhtr9R1r4NCXCstK9V6FVJ0M6um7L1kEFbwe8qSLsjG","metadata":{"checkout_mode":"subscription","moodle_course_id":"26","moodle_course_ids":"26,27"}}
{"source":"create-checkout-session","mode":"subscription","selected_course_ids":[26,27],"subscription_config_ids":[26,27]}
{"source":"webhook.php","mode":"subscription","resolved_course_ids":[26,27],"subscription_config_ids":[26,27],"session_id":"cs_test_a1KH1BnBBAiCiDEHiFwSnPaWgxmsbWNKCY1Kt5L2aRwUckSDdldvFV6Glc","metadata":{"checkout_mode":"subscription","moodle_course_id":"26","moodle_course_ids":"26,27"}}
{"source":"cu.php","mode":"subscription","resolved_course_ids":[26,27],"subscription_config_ids":[26,27],"session_id":"cs_test_a1KH1BnBBAiCiDEHiFwSnPaWgxmsbWNKCY1Kt5L2aRwUckSDdldvFV6Glc","metadata":{"checkout_mode":"subscription","moodle_course_id":"26","moodle_course_ids":"26,27"}}
{"source":"create-checkout-session","mode":"subscription","selected_course_ids":[26,27],"subscription_config_ids":[26,27]}
{"source":"webhook.php","mode":"subscription","resolved_course_ids":[26,27],"subscription_config_ids":[26,27],"session_id":"cs_test_a1nMRZbkqv7E4y2mmyaTek8uDLqLJBevOOREUyyV6lq3UuYpkmkN5QL7al","metadata":{"checkout_mode":"subscription","moodle_course_id":"26","moodle_course_ids":"26,27"}}
{"source":"cu.php","mode":"subscription","resolved_course_ids":[26,27],"subscription_config_ids":[26,27],"session_id":"cs_test_a1nMRZbkqv7E4y2mmyaTek8uDLqLJBevOOREUyyV6lq3UuYpkmkN5QL7al","metadata":{"checkout_mode":"subscription","moodle_course_id":"26","moodle_course_ids":"26,27"}}
{"source":"webhook.php","mode":"subscription","resolved_course_ids":[26,27],"subscription_config_ids":[26,27],"session_id":"cs_test_a1nMRZbkqv7E4y2mmyaTek8uDLqLJBevOOREUyyV6lq3UuYpkmkN5QL7al","metadata":{"checkout_mode":"subscription","moodle_course_id":"26","moodle_course_ids":"26,27"}}
{"source":"create-checkout-session","mode":"subscription","selected_course_ids":[26,27],"subscription_config_ids":[26,27]}
{"source":"webhook.php","mode":"subscription","resolved_course_ids":[26,27],"subscription_config_ids":[26,27],"session_id":"cs_test_a1Uixy9s4i0iZLxHa3jyhYSCprkit2XUzAM6NkGE4nampXsdLy02QjpmI1","metadata":{"checkout_mode":"subscription","moodle_course_id":"26","moodle_course_ids":"26,27"}}
{"source":"cu.php","mode":"subscription","resolved_course_ids":[26,27],"subscription_config_ids":[26,27],"session_id":"cs_test_a1Uixy9s4i0iZLxHa3jyhYSCprkit2XUzAM6NkGE4nampXsdLy02QjpmI1","metadata":{"checkout_mode":"subscription","moodle_course_id":"26","moodle_course_ids":"26,27"}}
{"source":"webhook.php","mode":"subscription","resolved_course_ids":[26,27],"subscription_config_ids":[26,27],"session_id":"cs_test_a1Uixy9s4i0iZLxHa3jyhYSCprkit2XUzAM6NkGE4nampXsdLy02QjpmI1","metadata":{"checkout_mode":"subscription","moodle_course_id":"26","moodle_course_ids":"26,27"}}
{"source":"create-checkout-session","mode":"subscription","selected_course_ids":[26,27],"subscription_config_ids":[26,27]}
{"source":"create-checkout-session","mode":"subscription","selected_course_ids":[26,27],"subscription_config_ids":[26,27]}
{"source":"webhook.php","mode":"subscription","resolved_course_ids":[26,27],"subscription_config_ids":[26,27],"session_id":"cs_test_a1GLdtudDq0H83N2CWRbsT5Z0HShUaT7xOC0c0wuP5gtCp5TTfh5BBfIBH","metadata":{"checkout_mode":"subscription","moodle_course_id":"26","moodle_course_ids":"26,27"}}
{"source":"cu.php","mode":"subscription","resolved_course_ids":[26,27],"subscription_config_ids":[26,27],"session_id":"cs_test_a1GLdtudDq0H83N2CWRbsT5Z0HShUaT7xOC0c0wuP5gtCp5TTfh5BBfIBH","metadata":{"checkout_mode":"subscription","moodle_course_id":"26","moodle_course_ids":"26,27"}}
{"source":"create-checkout-session","mode":"subscription","selected_course_ids":[26,27],"subscription_config_ids":[26,27]}
{"source":"create-checkout-session","mode":"subscription","selected_course_ids":[26,27],"subscription_config_ids":[26,27]}
{"source":"webhook.php","mode":"subscription","resolved_course_ids":[26,27],"subscription_config_ids":[26,27],"session_id":"cs_test_a1quAlSHmwYX5QeOVe9r2FE8xNIwAILpVKautJU6LQRxS6nBowxj76mc0A","metadata":{"checkout_mode":"subscription","moodle_course_id":"26","moodle_course_ids":"26,27"}}
{"source":"cu.php","mode":"subscription","resolved_course_ids":[26,27],"subscription_config_ids":[26,27],"session_id":"cs_test_a1quAlSHmwYX5QeOVe9r2FE8xNIwAILpVKautJU6LQRxS6nBowxj76mc0A","metadata":{"checkout_mode":"subscription","moodle_course_id":"26","moodle_course_ids":"26,27"}}
{"source":"webhook.php","mode":"subscription","resolved_course_ids":[26,27],"subscription_config_ids":[26,27],"session_id":"cs_test_a1quAlSHmwYX5QeOVe9r2FE8xNIwAILpVKautJU6LQRxS6nBowxj76mc0A","metadata":{"checkout_mode":"subscription","moodle_course_id":"26","moodle_course_ids":"26,27"}}
{"source":"create-checkout-session","mode":"subscription","selected_course_ids":[26,27],"subscription_config_ids":[26,27]}
{"source":"create-checkout-session","mode":"subscription","selected_course_ids":[26,27],"subscription_config_ids":[26,27]}
{"source":"webhook.php","mode":"subscription","resolved_course_ids":[26,27],"subscription_config_ids":[26,27],"session_id":"cs_test_a1iL7YxoOUNJzSObKoLasUiCxlmRJaXBPWPb4rKVPQPdQRCrG0YqRyqnPZ","metadata":{"checkout_mode":"subscription","moodle_course_id":"26","moodle_course_ids":"26,27"}}
{"source":"cu.php","mode":"subscription","resolved_course_ids":[26,27],"subscription_config_ids":[26,27],"session_id":"cs_test_a1iL7YxoOUNJzSObKoLasUiCxlmRJaXBPWPb4rKVPQPdQRCrG0YqRyqnPZ","metadata":{"checkout_mode":"subscription","moodle_course_id":"26","moodle_course_ids":"26,27"}}
{"source":"create-checkout-session","mode":"subscription","selected_course_ids":[26,27],"subscription_config_ids":[26,27]}
{"source":"create-checkout-session","mode":"subscription","selected_course_ids":[26,27],"subscription_config_ids":[26,27]}
{"source":"webhook.php","mode":"subscription","resolved_course_ids":[26,27],"subscription_config_ids":[26,27],"session_id":"cs_test_a15ryYvXEDbqBhLeLNEfyK9VfZ3DT2CUTB1ANiFO5fI7OIe0tNrQolrOpf","metadata":{"checkout_mode":"subscription","moodle_course_id":"26","moodle_course_ids":"26,27"}}
{"source":"cu.php","mode":"subscription","resolved_course_ids":[26,27],"subscription_config_ids":[26,27],"session_id":"cs_test_a15ryYvXEDbqBhLeLNEfyK9VfZ3DT2CUTB1ANiFO5fI7OIe0tNrQolrOpf","metadata":{"checkout_mode":"subscription","moodle_course_id":"26","moodle_course_ids":"26,27"}}
